<html>
<body>
<pre>
<h1>µVision Build Log</h1>
<h2>Tool Versions:</h2>
IDE-Version: µVision V5.23.0.0
Copyright (C) 2017 ARM Ltd and ARM Germany GmbH. All rights reserved.
License Information: fds sds, sfds, LIC=UB463-A2AMC-78LFD-8KSFA-9WMZF-V52IG
 
Tool Versions:
Toolchain:       MDK-ARM Professional  Version: 5.23
Toolchain Path:  C:\Keil_v5\ARM\ARMCC\Bin
C Compiler:      Armcc.exe V5.06 update 4 (build 422)
Assembler:       Armasm.exe V5.06 update 4 (build 422)
Linker/Locator:  ArmLink.exe V5.06 update 4 (build 422)
Library Manager: ArmAr.exe V5.06 update 4 (build 422)
Hex Converter:   FromElf.exe V5.06 update 4 (build 422)
CPU DLL:         SARMCM3.DLL V5.23
Dialog DLL:      DCM.DLL V1.15.0.0
Target DLL:      STLink\ST-LINKIII-KEIL_SWO.dll V2.0.18.0
Dialog DLL:      TCM.DLL V1.27.0.0
 
<h2>Project:</h2>
E:\embedded\ARM F446\I2C-ADXL-OLED\adxl\MDK-ARM\adxl.uvprojx
Project File Date:  01/27/2018

<h2>Output:</h2>
*** Using Compiler 'V5.06 update 4 (build 422)', folder: 'C:\Keil_v5\ARM\ARMCC\Bin'
Build target 'adxl'
compiling main.c...
../Inc/ssd1306.h(238): warning:  #1295-D: Deprecated declaration ssd1306_I2C_Init - give arg types
  void ssd1306_I2C_Init();
../Src/main.c(105): warning:  #188-D: enumerated type mixed with another type
      SSD1306_Puts (x_char, &Font_11x18, 1);
../Src/main.c(142): warning:  #188-D: enumerated type mixed with another type
    SSD1306_Fill (0);  // fill display with black color
../Src/main.c(145): warning:  #188-D: enumerated type mixed with another type
    SSD1306_Puts ("Initializing...", &Font_11x18, 1);
../Src/main.c(150): warning:  #188-D: enumerated type mixed with another type
    SSD1306_Fill (0);
../Src/main.c(172): warning:  #188-D: enumerated type mixed with another type
  	  SSD1306_Puts ("X: ", &Font_11x18, 1);
../Src/main.c(177): warning:  #188-D: enumerated type mixed with another type
  	  SSD1306_Puts ("Y: ", &Font_11x18, 1);
../Src/main.c(182): warning:  #188-D: enumerated type mixed with another type
   	  SSD1306_Puts ("Z: ", &Font_11x18, 1);
../Src/main.c: 8 warnings, 0 errors
linking...
Program Size: Code=10648 RO-data=3928 RW-data=60 ZI-data=2644  
"adxl\adxl.axf" - 0 Error(s), 8 Warning(s).

<h2>Software Packages used:</h2>

Package Vendor: ARM
                http://www.keil.com/pack/ARM.CMSIS.5.2.0.pack
                ARM::CMSIS:CORE:5.0.2
                CMSIS (Cortex Microcontroller Software Interface Standard)
   * Component: CORE Version: 5.0.2

<h2>Collection of Component include folders:</h2>
  .\RTE\_adxl
  C:\Keil_v5\ARM\PACK\ARM\CMSIS\5.2.0\CMSIS\Include
  C:\Keil_v5\ARM\PACK\Keil\STM32F4xx_DFP\2.11.0\Drivers\CMSIS\Device\ST\STM32F4xx\Include

<h2>Collection of Component Files used:</h2>

   * Component: ARM::CMSIS:CORE:5.0.2
Build Time Elapsed:  00:00:02
</pre>
</body>
</html>
